00000000:       ; main            org  0x0000
00000000:       ; 
00000000:       ;                 ; Very simple register ops.
00000000: 1101  ;                 add  r1, r0, #1                 ; R1 := 0001
00000001: 1222  ;                 add  r2, r1, #2                 ; R2 := 0003
00000002: 1343  ;                 add  r3, r2, #3                 ; R3 := 0006
00000003: 1464  ;                 add  r4, r3, #4                 ; R4 := 000A
00000004: 1585  ;                 add  r5, r4, #5                 ; R5 := 000F
00000005: 16A6  ;                 add  r6, r5, #6                 ; R6 := 0015
00000006: 10C7  ;                 add  r0, r6, #7                 ; R0 should stay 0000
00000007:       ; 
00000007:       ;                 ; Try a different operation
00000007: 41C8  ;                 sub  r1, r6, r2                 ; R1 := 0012
00000008: 0000  ;                 nop
00000009: 0000  ;                 nop
0000000A: 0000  ;                 nop
0000000B: 0000  ;                 nop
0000000C: 0000  ;                 nop
0000000D: 0700  ;                 add  r7, r0, r0                 ; Should branch back
0000000E:       ; 
0000000E:       ; 
